// Jest Snapshot v1, https://jestjs.io/docs/snapshot-testing

exports[`The PromoGenerator stack matches the snapshot 1`] = `
{
  "Metadata": {
    "gu:cdk:constructs": [
      "GuStringParameter",
      "GuCname",
    ],
    "gu:cdk:version": "TEST",
  },
  "Parameters": {
    "HostingCertArn": {
      "Default": "/TEST/playground/promo-generator/GlobalCertArn",
      "Description": "Certificate to use for the promo-generator TEST. This must reside in us-east-1",
      "Type": "AWS::SSM::Parameter::Value<String>",
    },
  },
  "Resources": {
    "CnameRecord": {
      "Properties": {
        "RecordType": "CNAME",
        "ResourceRecords": [
          {
            "Fn::GetAtt": [
              "PromoGeneratorDist0042E295",
              "DomainName",
            ],
          },
        ],
        "Stage": "TEST",
        "TTL": 300,
      },
      "Type": "Guardian::DNS::RecordSet",
    },
    "HostingBucket5DAC2127": {
      "DeletionPolicy": "Retain",
      "Properties": {
        "Tags": [
          {
            "Key": "gu:cdk:version",
            "Value": "TEST",
          },
          {
            "Key": "gu:repo",
            "Value": "guardian/promo-generator",
          },
          {
            "Key": "Stack",
            "Value": "playground",
          },
          {
            "Key": "Stage",
            "Value": "TEST",
          },
        ],
      },
      "Type": "AWS::S3::Bucket",
      "UpdateReplacePolicy": "Retain",
    },
    "HostingBucketName35D32BCB": {
      "Properties": {
        "Description": "The name of the S3 bucket used to host the promo-generator TEST static assets",
        "Name": "/TEST/playground/promo-generator/hosting-bucket",
        "Tags": {
          "Stack": "playground",
          "Stage": "TEST",
          "gu:cdk:version": "TEST",
          "gu:repo": "guardian/promo-generator",
        },
        "Type": "String",
        "Value": {
          "Ref": "HostingBucket5DAC2127",
        },
      },
      "Type": "AWS::SSM::Parameter",
    },
    "HostingBucketPolicyE887D797": {
      "Properties": {
        "Bucket": {
          "Ref": "HostingBucket5DAC2127",
        },
        "PolicyDocument": {
          "Statement": [
            {
              "Action": "s3:GetObject",
              "Effect": "Allow",
              "Principal": {
                "CanonicalUser": {
                  "Fn::GetAtt": [
                    "PromoGeneratorDistOrigin1S3OriginAE485395",
                    "S3CanonicalUserId",
                  ],
                },
              },
              "Resource": {
                "Fn::Join": [
                  "",
                  [
                    {
                      "Fn::GetAtt": [
                        "HostingBucket5DAC2127",
                        "Arn",
                      ],
                    },
                    "/*",
                  ],
                ],
              },
            },
            {
              "Action": "s3:GetObject",
              "Condition": {
                "StringEquals": {
                  "AWS:SourceArn": {
                    "Fn::Join": [
                      "",
                      [
                        "arn:aws:cloudfront::",
                        {
                          "Ref": "AWS::AccountId",
                        },
                        ":distribution/",
                        {
                          "Ref": "PromoGeneratorDist0042E295",
                        },
                      ],
                    ],
                  },
                },
              },
              "Effect": "Allow",
              "Principal": {
                "Service": "cloudfront.amazonaws.com",
              },
              "Resource": {
                "Fn::Join": [
                  "",
                  [
                    {
                      "Fn::GetAtt": [
                        "HostingBucket5DAC2127",
                        "Arn",
                      ],
                    },
                    "/*",
                  ],
                ],
              },
            },
          ],
          "Version": "2012-10-17",
        },
      },
      "Type": "AWS::S3::BucketPolicy",
    },
    "PromoGeneratorDist0042E295": {
      "Properties": {
        "DistributionConfig": {
          "Aliases": [],
          "DefaultCacheBehavior": {
            "CachePolicyId": "658327ea-f89d-4fab-a63d-7e88639e58f6",
            "Compress": true,
            "TargetOriginId": "PromoGeneratorPromoGeneratorDistOrigin104A4BA1A",
            "ViewerProtocolPolicy": "redirect-to-https",
          },
          "DefaultRootObject": "index.html",
          "Enabled": true,
          "HttpVersion": "http2and3",
          "IPV6Enabled": true,
          "Origins": [
            {
              "DomainName": {
                "Fn::GetAtt": [
                  "HostingBucket5DAC2127",
                  "RegionalDomainName",
                ],
              },
              "Id": "PromoGeneratorPromoGeneratorDistOrigin104A4BA1A",
              "OriginPath": "/TEST/promo-generator",
              "S3OriginConfig": {
                "OriginAccessIdentity": {
                  "Fn::Join": [
                    "",
                    [
                      "origin-access-identity/cloudfront/",
                      {
                        "Ref": "PromoGeneratorDistOrigin1S3OriginAE485395",
                      },
                    ],
                  ],
                },
              },
            },
          ],
          "PriceClass": "PriceClass_100",
          "ViewerCertificate": {
            "AcmCertificateArn": {
              "Ref": "HostingCertArn",
            },
            "MinimumProtocolVersion": "TLSv1.2_2021",
            "SslSupportMethod": "sni-only",
          },
        },
        "Tags": [
          {
            "Key": "gu:cdk:version",
            "Value": "TEST",
          },
          {
            "Key": "gu:repo",
            "Value": "guardian/promo-generator",
          },
          {
            "Key": "Stack",
            "Value": "playground",
          },
          {
            "Key": "Stage",
            "Value": "TEST",
          },
        ],
      },
      "Type": "AWS::CloudFront::Distribution",
    },
    "PromoGeneratorDistOrigin1S3OriginAE485395": {
      "Properties": {
        "CloudFrontOriginAccessIdentityConfig": {
          "Comment": "Identity for PromoGeneratorPromoGeneratorDistOrigin104A4BA1A",
        },
      },
      "Type": "AWS::CloudFront::CloudFrontOriginAccessIdentity",
    },
  },
}
`;
